// Jest Snapshot v1, https://goo.gl/fbAQLP

exports[`QuantityControl Component matches the snapshots 1`] = `
<DocumentFragment>
  <div
    aria-label="Quantity Control"
    class="rounded-md gap-4 bg-secondary-50"
  >
    <div
      class="flex"
    >
      <button
        aria-label="decrement"
        class="px-5 py-3 text-primary-100 hover:text-gray-800 disabled:cursor-not-allowed disabled:text-gray-800"
        disabled=""
        type="button"
      >
        -
      </button>
      <input
        aria-label="Quantity input"
        class="w-12 text-center border-0 bg-gray-50 focus:ring-0"
        type="number"
        value="1"
      />
      <button
        aria-label="increment"
        class="px-5 py-3 text-primary-100 hover:text-gray-800 disabled:cursor-not-allowed disabled:text-gray-800"
        type="button"
      >
        +
      </button>
    </div>
  </div>
</DocumentFragment>
`;
