// Jest Snapshot v1, https://goo.gl/fbAQLP

exports[`Button Component renders with default props and matches snapshot 1`] = `
<div>
  <button
    class="flex items-center gap-2 rounded p-2 disabled:cursor-not-allowed bg-opacity-100 shadow-md bg-gray-200 text-black hover:bg-gray-300 disabled:bg-gray-100"
    type="button"
  >
    Test Button
  </button>
</div>
`;
