// Jest Snapshot v1, https://goo.gl/fbAQLP

exports[`Tabs Component matches snapshot 1`] = `
<DocumentFragment>
  <div
    class="flex justify-center items-center"
  >
    <div
      class="max-w-6xl flex flex-col gap-y-6 w-full"
    >
      <ul
        class="flex justify-center gap-7 overflow-auto w-auto"
      >
        <li>
          <button
            class="p-3 text-sm font-medium transition-colors duration-200 text-center outline-none border-b-2 text-primary-400 border-primary-400"
            id="tab-Tab 1"
          >
            Tab 1
          </button>
        </li>
        <li>
          <button
            class="p-3 text-sm font-medium transition-colors duration-200 text-center outline-none border-b-2 text-gray-600 border-transparent hover:text-primary-400 hover:border-primary-400"
            id="tab-Tab 2"
          >
            Tab 2
          </button>
        </li>
        <li>
          <button
            class="p-3 text-sm font-medium transition-colors duration-200 text-center outline-none border-b-2 text-gray-600 border-transparent hover:text-primary-400 hover:border-primary-400"
            id="tab-Tab 3"
          >
            Tab 3
          </button>
        </li>
      </ul>
      <div
        class="bg-white"
      >
        <div
          class="grid grid-cols-1 sm:grid-cols-2 md:grid-cols-3 lg:grid-cols-4 gap-4"
          id="tab-panel-Tab 1"
          role="tabpanel"
        >
          <div>
            Content for Tab 1
          </div>
        </div>
        <div
          class="hidden"
          id="tab-panel-Tab 2"
          role="tabpanel"
        >
          <div>
            Content for Tab 2
          </div>
        </div>
        <div
          class="hidden"
          id="tab-panel-Tab 3"
          role="tabpanel"
        >
          <div>
            Content for Tab 3
          </div>
        </div>
      </div>
    </div>
  </div>
</DocumentFragment>
`;
