// Jest Snapshot v1, https://goo.gl/fbAQLP

exports[`CartTable matches the snapshot 1`] = `
<DocumentFragment>
  <section
    class="overflow-x-auto"
  >
    <table
      aria-label="Cart table"
      class="w-full text-left border-collapse table-auto"
    >
      <thead
        aria-label="Cart table headers"
        class="text-sm uppercase border-b-2 border-secondary-100"
      >
        <tr>
          <th
            class="text-xl font-medium whitespace-nowrap px-16 py-3"
          >
            Product
          </th>
          <th
            class="text-xl font-medium whitespace-nowrap px-4"
          >
            Price
          </th>
          <th
            class="text-xl font-medium whitespace-nowrap px-4"
          >
            Qty
          </th>
          <th
            class="text-xl font-medium whitespace-nowrap px-4"
          >
            Unit Price
          </th>
        </tr>
      </thead>
      <tbody
        aria-label="Cart table body"
        class="divide-y-2 border-b-2 border-secondary-100 divide-secondary-100"
      >
        <tr
          data-testid="cart-item-row"
        >
          <td>
            2
          </td>
        </tr>
        <tr
          data-testid="cart-item-row"
        >
          <td>
            1
          </td>
        </tr>
        <tr
          data-testid="cart-item-row"
        >
          <td>
            3
          </td>
        </tr>
      </tbody>
    </table>
  </section>
</DocumentFragment>
`;
