// Jest Snapshot v1, https://goo.gl/fbAQLP

exports[`SearchBox Component matches snapshot 1`] = `
<DocumentFragment>
  <div
    class="flex "
  >
    <div>
      <div
        class="flex items-center gap-1 px-3 border rounded-md focus-within:ring-2 focus-within:ring-primary-100 border-blue-300 rounded-r-none"
      >
        <input
          class="flex-1 outline-none px-3 py-2 bg-transparent h-16 text-gray-700"
          placeholder="Enter your query..."
          value=""
        />
      </div>
    </div>
    <button
      class="flex items-center gap-2 rounded p-2 bg-opacity-100 shadow-md bg-primary-300 text-white hover:bg-primary-400 disabled:bg-primary-100 px-7 rounded-l-none"
      disabled=""
      type="button"
    >
      Search
    </button>
  </div>
</DocumentFragment>
`;
