// Jest Snapshot v1, https://goo.gl/fbAQLP

exports[`IconButton Component renders with default props and matches snapshot 1`] = `
<div>
  <button
    class="gap-2 disabled:cursor-not-allowed disabled:opacity-50 bg-opacity-100 shadow-md bg-gray-200 text-black flex items-center justify-center p-2 rounded-full border-2 focus:outline-none focus:ring-2 focus:ring-offset-2"
    type="button"
  >
    <span>
      Icon
    </span>
  </button>
</div>
`;
