// Jest Snapshot v1, https://goo.gl/fbAQLP

exports[`Tabs Component matches snapshot 1`] = `
<DocumentFragment>
  <div
    class="flex flex-col gap-y-6 w-full"
  >
    <ul
      class="flex justify-center gap-7 border-b-2 pb-2"
    >
      <li>
        <a
          class="p-3 text-sm font-medium outline-none text-primary-400 border-primary-400 border-b-2"
          href="/tab1"
        >
          Tab 1
        </a>
      </li>
      <li>
        <a
          class="p-3 text-sm font-medium outline-none border-b-0"
          href="/tab2"
        >
          Tab 2
        </a>
      </li>
      <li>
        <a
          class="p-3 text-sm font-medium outline-none border-b-0"
          href="/tab3"
        >
          Tab 3
        </a>
      </li>
    </ul>
    <div
      class="mt-4"
    >
      <div
        class="grid grid-cols-1 sm:grid-cols-2 md:grid-cols-3 lg:grid-cols-4 gap-4"
      >
        <div>
          Content for Tab 1
        </div>
      </div>
      <div
        class="hidden"
      >
        <div>
          Content for Tab 2
        </div>
      </div>
      <div
        class="hidden"
      >
        <div>
          Content for Tab 3
        </div>
      </div>
    </div>
  </div>
</DocumentFragment>
`;
